   1               		.file	"lowpower.c"
   2               	__SREG__ = 0x3f
   3               	__SP_H__ = 0x3e
   4               	__SP_L__ = 0x3d
   5               	__CCP__  = 0x34
   6               	__tmp_reg__ = 0
   7               	__zero_reg__ = 1
  15               	.Ltext0:
  16               	.global	Deep_Sleep
  18               	Deep_Sleep:
  19               	.LFB6:
  20               	.LM1:
  21               	/* prologue: function */
  22               	/* frame size = 0 */
  23               	.LM2:
  24 0000 83B7      		in r24,83-32
  25 0002 8160      		ori r24,lo8(1)
  26 0004 83BF      		out 83-32,r24
  27               	.LBB6:
  28               	.LM3:
  29               	/* #APP */
  30               	 ;  13 "lowpower.c" 1
  31 0006 85B7      		in r24, 53
  32 0008 8066      		ori r24, 96
  33 000a 85BF      		out 53, r24
  34 000c 8F7D      		andi r24, -33
  35 000e 85BF      		out 53, r24
  36               	 ;  0 "" 2
  37               	.LVL0:
  38               	/* #NOAPP */
  39               	.LBE6:
  40               	.LM4:
  41               	/* #APP */
  42               	 ;  14 "lowpower.c" 1
  43 0010 7894      		sei
  44               	 ;  0 "" 2
  45               	.LM5:
  46               	 ;  15 "lowpower.c" 1
  47 0012 8895      		sleep
  48               		
  49               	 ;  0 "" 2
  50               	.LM6:
  51               	/* #NOAPP */
  52 0014 83B7      		in r24,83-32
  53               	.LVL1:
  54 0016 8E7F      		andi r24,lo8(-2)
  55 0018 83BF      		out 83-32,r24
  56               	/* epilogue start */
  57               	.LM7:
  58 001a 0895      		ret
  59               	.LFE6:
  61               	.global	ADC_Disable
  63               	ADC_Disable:
  64               	.LFB7:
  65               	.LM8:
  66               	/* prologue: function */
  67               	/* frame size = 0 */
  68               	.LM9:
  69 001c EAE7      		ldi r30,lo8(122)
  70 001e F0E0      		ldi r31,hi8(122)
  71 0020 8081      		ld r24,Z
  72 0022 8F77      		andi r24,lo8(127)
  73 0024 8083      		st Z,r24
  74               	/* epilogue start */
  75               	.LM10:
  76 0026 0895      		ret
  77               	.LFE7:
  79               	.global	Analog_Comparator_Disable
  81               	Analog_Comparator_Disable:
  82               	.LFB8:
  83               	.LM11:
  84               	/* prologue: function */
  85               	/* frame size = 0 */
  86               	.LM12:
  87 0028 80B7      		in r24,80-32
  88 002a 877F      		andi r24,lo8(-9)
  89 002c 80BF      		out 80-32,r24
  90               	.LM13:
  91 002e 80B7      		in r24,80-32
  92 0030 8068      		ori r24,lo8(-128)
  93 0032 80BF      		out 80-32,r24
  94               	/* epilogue start */
  95               	.LM14:
  96 0034 0895      		ret
  97               	.LFE8:
  99               	.global	WDT_Get_Ticks
 101               	WDT_Get_Ticks:
 102               	.LFB9:
 103               	.LM15:
 104               	/* prologue: function */
 105               	/* frame size = 0 */
 106               	.LM16:
 107 0036 2091 0000 		lds r18,WDT_Ticks
 108 003a 3091 0000 		lds r19,(WDT_Ticks)+1
 109 003e 4091 0000 		lds r20,(WDT_Ticks)+2
 110 0042 5091 0000 		lds r21,(WDT_Ticks)+3
 111               	.LM17:
 112 0046 B901      		movw r22,r18
 113 0048 CA01      		movw r24,r20
 114               	/* epilogue start */
 115 004a 0895      		ret
 116               	.LFE9:
 118               	.global	Sleep_Init
 120               	Sleep_Init:
 121               	.LFB10:
 122               	.LM18:
 123               	/* prologue: function */
 124               	/* frame size = 0 */
 125               	.LM19:
 126               	/* #APP */
 127               	 ;  33 "lowpower.c" 1
 128 004c F894      		cli
 129               	 ;  0 "" 2
 130               	.LM20:
 131               	/* #NOAPP */
 132 004e E0E6      		ldi r30,lo8(96)
 133 0050 F0E0      		ldi r31,hi8(96)
 134 0052 88E1      		ldi r24,lo8(24)
 135 0054 8083      		st Z,r24
 136               	.LM21:
 137 0056 85E4      		ldi r24,lo8(69)
 138 0058 8083      		st Z,r24
 139               	.LBB7:
 140               	.LBB8:
 141               	.LM22:
 142 005a EAE7      		ldi r30,lo8(122)
 143 005c F0E0      		ldi r31,hi8(122)
 144 005e 8081      		ld r24,Z
 145 0060 8F77      		andi r24,lo8(127)
 146 0062 8083      		st Z,r24
 147               	.LBE8:
 148               	.LBE7:
 149               	.LBB9:
 150               	.LBB10:
 151               	.LM23:
 152 0064 80B7      		in r24,80-32
 153 0066 877F      		andi r24,lo8(-9)
 154 0068 80BF      		out 80-32,r24
 155               	.LM24:
 156 006a 80B7      		in r24,80-32
 157 006c 8068      		ori r24,lo8(-128)
 158 006e 80BF      		out 80-32,r24
 159               	.LBE10:
 160               	.LBE9:
 161               	.LM25:
 162 0070 83B7      		in r24,83-32
 163 0072 817F      		andi r24,lo8(-15)
 164 0074 8460      		ori r24,lo8(4)
 165 0076 83BF      		out 83-32,r24
 166               	.LM26:
 167               	/* #APP */
 168               	 ;  41 "lowpower.c" 1
 169 0078 7894      		sei
 170               	 ;  0 "" 2
 171               	/* epilogue start */
 172               	.LM27:
 173               	/* #NOAPP */
 174 007a 0895      		ret
 175               	.LFE10:
 177               	.global	__vector_6
 179               	__vector_6:
 180               	.LFB11:
 181               	.LM28:
 182 007c 1F92      		push __zero_reg__
 183 007e 0F92      		push r0
 184 0080 0FB6      		in r0,__SREG__
 185 0082 0F92      		push r0
 186 0084 1124      		clr __zero_reg__
 187 0086 8F93      		push r24
 188 0088 9F93      		push r25
 189 008a AF93      		push r26
 190 008c BF93      		push r27
 191 008e EF93      		push r30
 192 0090 FF93      		push r31
 193               	/* prologue: Signal */
 194               	/* frame size = 0 */
 195               	.LM29:
 196 0092 E0E6      		ldi r30,lo8(96)
 197 0094 F0E0      		ldi r31,hi8(96)
 198 0096 8081      		ld r24,Z
 199 0098 8064      		ori r24,lo8(64)
 200 009a 8083      		st Z,r24
 201               	.LM30:
 202 009c 8091 0000 		lds r24,WDT_Ticks
 203 00a0 9091 0000 		lds r25,(WDT_Ticks)+1
 204 00a4 A091 0000 		lds r26,(WDT_Ticks)+2
 205 00a8 B091 0000 		lds r27,(WDT_Ticks)+3
 206 00ac 0196      		adiw r24,1
 207 00ae A11D      		adc r26,__zero_reg__
 208 00b0 B11D      		adc r27,__zero_reg__
 209 00b2 8093 0000 		sts WDT_Ticks,r24
 210 00b6 9093 0000 		sts (WDT_Ticks)+1,r25
 211 00ba A093 0000 		sts (WDT_Ticks)+2,r26
 212 00be B093 0000 		sts (WDT_Ticks)+3,r27
 213               	/* epilogue start */
 214               	.LM31:
 215 00c2 FF91      		pop r31
 216 00c4 EF91      		pop r30
 217 00c6 BF91      		pop r27
 218 00c8 AF91      		pop r26
 219 00ca 9F91      		pop r25
 220 00cc 8F91      		pop r24
 221 00ce 0F90      		pop r0
 222 00d0 0FBE      		out __SREG__,r0
 223 00d2 0F90      		pop r0
 224 00d4 1F90      		pop __zero_reg__
 225 00d6 1895      		reti
 226               	.LFE11:
 228               	.global	WDT_Ticks
 229               	.global	WDT_Ticks
 230               		.section .bss
 233               	WDT_Ticks:
 234 0000 0000 0000 		.skip 4,0
 299               	.Letext0:
DEFINED SYMBOLS
                            *ABS*:00000000 lowpower.c
C:\Users\WALTON\AppData\Local\Temp/ccDxsITQ.s:2      *ABS*:0000003f __SREG__
C:\Users\WALTON\AppData\Local\Temp/ccDxsITQ.s:3      *ABS*:0000003e __SP_H__
C:\Users\WALTON\AppData\Local\Temp/ccDxsITQ.s:4      *ABS*:0000003d __SP_L__
C:\Users\WALTON\AppData\Local\Temp/ccDxsITQ.s:5      *ABS*:00000034 __CCP__
C:\Users\WALTON\AppData\Local\Temp/ccDxsITQ.s:6      *ABS*:00000000 __tmp_reg__
C:\Users\WALTON\AppData\Local\Temp/ccDxsITQ.s:7      *ABS*:00000001 __zero_reg__
C:\Users\WALTON\AppData\Local\Temp/ccDxsITQ.s:18     .text:00000000 Deep_Sleep
C:\Users\WALTON\AppData\Local\Temp/ccDxsITQ.s:63     .text:0000001c ADC_Disable
C:\Users\WALTON\AppData\Local\Temp/ccDxsITQ.s:81     .text:00000028 Analog_Comparator_Disable
C:\Users\WALTON\AppData\Local\Temp/ccDxsITQ.s:101    .text:00000036 WDT_Get_Ticks
C:\Users\WALTON\AppData\Local\Temp/ccDxsITQ.s:233    .bss:00000000 WDT_Ticks
C:\Users\WALTON\AppData\Local\Temp/ccDxsITQ.s:120    .text:0000004c Sleep_Init
C:\Users\WALTON\AppData\Local\Temp/ccDxsITQ.s:179    .text:0000007c __vector_6

UNDEFINED SYMBOLS
__do_clear_bss
